...................
19 passed in 17.63s

